2026-08-22T14:00:38Z INF Thank you for trying Cloudflare Tunnel. Doing so, without a Cloudflare account, is a quick way to experiment and try it out. However, be aware that these account-less Tunnels have no uptime guarantee, are subject to the Cloudflare Online Services Terms of Use (https://www.cloudflare.com/website-terms/), and Cloudflare reserves the right to investigate your use of Tunnels for violations of such terms. If you intend to use Tunnels in production you should use a pre-created named tunnel by following: https://developers.cloudflare.com/cloudflare-one/connections/connect-apps
2026-08-22T14:00:38Z INF Requesting new quick Tunnel on trycloudflare.com...
2026-08-22T14:00:43Z INF +--------------------------------------------------------------------------------------------+
2026-08-22T14:00:43Z INF |  Your quick Tunnel has been created! Visit it at (it may take some time to be reachable):  |
2026-08-22T14:00:43Z INF |  https://circular-hunt-nearest-doctors.trycloudflare.com                                   |
2026-08-22T14:00:43Z INF +--------------------------------------------------------------------------------------------+
2026-08-22T14:00:43Z INF Cannot determine default configuration path. No file [config.yml config.yaml] in [~/.cloudflared ~/.cloudflare-warp ~/cloudflare-warp]
2026-08-22T14:00:43Z INF Version 2026.8.2 (Checksum c29eee2b121f5436a642eed69fd9767da7e7b8c510fa50aaa130337f931357b5)
2026-08-22T14:00:43Z INF GOOS: windows, GOVersion: go1.26.4, GoArch: amd64
2026-08-22T14:00:43Z INF Settings: map[ha-connections:1 no-autoupdate:true protocol:quic url:http://localhost:5000]
2026-08-22T14:00:43Z INF Environmental variables map[TUNNEL_URL:https://mild-classical-postcards-oxide.trycloudflare.com]
2026-08-22T14:00:43Z INF cloudflared will not automatically update on Windows systems.
2026-08-22T14:00:43Z INF Generated Connector ID: d466090f-1bf9-40ef-92b6-197ca15f1461
2026-08-22T14:00:43Z INF Initial protocol quic
2026-08-22T14:00:43Z INF ICMP proxy will use 10.1.0.42 as source for IPv4
2026-08-22T14:00:43Z INF ICMP proxy will use fe80::5770:122c:2e16:823 in zone Ethernet 3 as source for IPv6
2026-08-22T14:00:43Z INF cloudflared does not support loading the system root certificate pool on Windows. Please use --origin-ca-pool <PATH> to specify the path to the certificate pool
2026-08-22T14:00:43Z INF ICMP proxy will use 10.1.0.42 as source for IPv4
2026-08-22T14:00:43Z INF Tunnel connection curve preferences: [X25519MLKEM768 CurveID(65074) CurveP256] connIndex=0 event=0 ip=198.41.200.13
2026-08-22T14:00:43Z INF ICMP proxy will use fe80::5770:122c:2e16:823 in zone Ethernet 3 as source for IPv6
2026-08-22T14:00:43Z INF Starting metrics server on 127.0.0.1:20241/metrics
2026-08-22T14:00:43Z INF +-------------------------------------------------------------------------------------+
2026-08-22T14:00:43Z INF |                               CONNECTIVITY PRE-CHECKS                               |
2026-08-22T14:00:43Z INF +-------------------------------------------------------------------------------------+
2026-08-22T14:00:43Z INF |  COMPONENT         TARGET                     STATUS  DETAILS                       |
2026-08-22T14:00:43Z INF |  DNS Resolution    region1.v2.argotunnel.com  PASS    DNS Resolved successfully     |
2026-08-22T14:00:43Z INF |  DNS Resolution    region2.v2.argotunnel.com  PASS    DNS Resolved successfully     |
2026-08-22T14:00:43Z INF |  UDP Connectivity  region1.v2.argotunnel.com  PASS    QUIC connection successful    |
2026-08-22T14:00:43Z INF |  UDP Connectivity  region2.v2.argotunnel.com  PASS    QUIC connection successful    |
2026-08-22T14:00:43Z INF |  TCP Connectivity  region1.v2.argotunnel.com  PASS    HTTP/2 connection successful  |
2026-08-22T14:00:43Z INF |  TCP Connectivity  region2.v2.argotunnel.com  PASS    HTTP/2 connection successful  |
2026-08-22T14:00:43Z INF |  Cloudflare API    api.cloudflare.com:443     PASS    API is reachable              |
2026-08-22T14:00:43Z INF |                                                                                     |
2026-08-22T14:00:43Z INF |  SUMMARY: Environment is healthy. cloudflared will use 'quic' as primary protocol.  |
2026-08-22T14:00:43Z INF +-------------------------------------------------------------------------------------+
2026-08-22T14:00:43Z INF precheck component="DNS Resolution" details="DNS Resolved successfully" run_id=a1a8a733-7b37-46da-ad94-5c40e8481d78 status=pass target=region1.v2.argotunnel.com
2026-08-22T14:00:43Z INF precheck component="DNS Resolution" details="DNS Resolved successfully" run_id=a1a8a733-7b37-46da-ad94-5c40e8481d78 status=pass target=region2.v2.argotunnel.com
2026-08-22T14:00:43Z INF precheck component="UDP Connectivity" details="QUIC connection successful" run_id=a1a8a733-7b37-46da-ad94-5c40e8481d78 status=pass target=region1.v2.argotunnel.com
2026-08-22T14:00:43Z INF precheck component="UDP Connectivity" details="QUIC connection successful" run_id=a1a8a733-7b37-46da-ad94-5c40e8481d78 status=pass target=region2.v2.argotunnel.com
2026-08-22T14:00:43Z INF precheck component="TCP Connectivity" details="HTTP/2 connection successful" run_id=a1a8a733-7b37-46da-ad94-5c40e8481d78 status=pass target=region1.v2.argotunnel.com
2026-08-22T14:00:43Z INF precheck component="TCP Connectivity" details="HTTP/2 connection successful" run_id=a1a8a733-7b37-46da-ad94-5c40e8481d78 status=pass target=region2.v2.argotunnel.com
2026-08-22T14:00:43Z INF precheck component="Cloudflare API" details="API is reachable" run_id=a1a8a733-7b37-46da-ad94-5c40e8481d78 status=pass target=api.cloudflare.com:443
2026-08-22T14:00:43Z INF precheck complete hard_fail=false run_id=a1a8a733-7b37-46da-ad94-5c40e8481d78 suggested_protocol=quic
2026-08-22T14:00:43Z INF Registered tunnel connection connIndex=0 connection=b81345f8-99f5-428d-a64c-8e9f8578fec9 event=0 ip=198.41.200.13 location=dfw08 protocol=quic
2026-08-22T14:00:58Z INF Initiating graceful shutdown due to signal interrupt ...
2026-08-22T14:00:58Z ERR failed to run the datagram handler error="Application error 0x0 (remote)" connIndex=0 event=0 ip=198.41.200.13
2026-08-22T14:00:58Z ERR failed to serve tunnel connection error="accept stream listener encountered a failure while serving" connIndex=0 event=0 ip=198.41.200.13
2026-08-22T14:00:58Z ERR Serve tunnel error error="accept stream listener encountered a failure while serving" connIndex=0 event=0 ip=198.41.200.13
2026-08-22T14:00:58Z INF Retrying connection in up to 1s connIndex=0 event=0 ip=198.41.200.13
2026-08-22T14:00:58Z ERR Connection terminated connIndex=0
2026-08-22T14:00:58Z ERR no more connections active and exiting
2026-08-22T14:00:58Z INF Tunnel server stopped
2026-08-22T14:00:58Z INF Metrics server stopped
